###############################################################################
#
# IAR ELF Linker V9.30.1.335/W64 for ARM                  08/Apr/2023  19:07:43
# Copyright 2007-2022 IAR Systems AB.
#
#    Output file  =
#        C:\Users\Wookie\Desktop\Project\Debug\Exe\The Green House.out
#    Map file     =
#        C:\Users\Wookie\Desktop\Project\Debug\List\The Green House.map
#    Command line =
#        -f "C:\Users\Wookie\Desktop\Project\Debug\Exe\The Green House.out.rsp"
#        (C:\Users\Wookie\Desktop\Project\Debug\Obj\ADC.o
#        C:\Users\Wookie\Desktop\Project\Debug\Obj\Alarm.o
#        C:\Users\Wookie\Desktop\Project\Debug\Obj\Calender.o
#        C:\Users\Wookie\Desktop\Project\Debug\Obj\cstartup.o
#        C:\Users\Wookie\Desktop\Project\Debug\Obj\Display.o
#        C:\Users\Wookie\Desktop\Project\Debug\Obj\exceptions.o
#        C:\Users\Wookie\Desktop\Project\Debug\Obj\Keypad.o
#        C:\Users\Wookie\Desktop\Project\Debug\Obj\LinkList.o
#        C:\Users\Wookie\Desktop\Project\Debug\Obj\main.o
#        "C:\Users\Wookie\Desktop\Project\Debug\Obj\Pulse Width Modulation.o"
#        C:\Users\Wookie\Desktop\Project\Debug\Obj\startup_sam3x.o
#        C:\Users\Wookie\Desktop\Project\Debug\Obj\system_sam3x.o
#        C:\Users\Wookie\Desktop\Project\Debug\Obj\Temperature.o
#        --no_out_extension -o "C:\Users\Wookie\Desktop\Project\Debug\Exe\The
#        Green House.out" --redirect _Printf=_PrintfFullNoMb --redirect
#        _Scanf=_ScanfFullNoMb --map
#        "C:\Users\Wookie\Desktop\Project\Debug\List\The Green House.map"
#        --config "C:\Program Files\IAR Systems\Embedded Workbench
#        9.1\arm\config\linker\Microchip\sam3x8\sram.icf" --semihosting --entry
#        __iar_program_start --vfe --text_out locale --cpu=Cortex-M3
#        --fpu=None)
#
###############################################################################

*******************************************************************************
*** RUNTIME MODEL ATTRIBUTES
***

CppFlavor       = *
__CPP_Runtime   = 1
__Heap_Handler  = Basic
__SystemLibrary = DLib
__dlib_version  = 6


*******************************************************************************
*** HEAP SELECTION
***

The basic heap was selected because --advanced_heap
was not specified and the application did not appear to
be primarily optimized for speed.


*******************************************************************************
*** PLACEMENT SUMMARY
***

"A0":  place at address 0x2007'0000 { ro section .intvec };
"P1":  place in [from 0x2007'0000 to 0x2008'7fff] { ro };
define block CSTACK with size = 4K, alignment = 8 { };
define block HEAP with size = 8K, alignment = 8 { };
"P2":  place in [from 0x2007'0000 to 0x2008'7fff] {
          rw, block CSTACK, block HEAP };
initialize by copy with packing = none, complex ranges { rw };

  Section            Kind         Address    Size  Object
  -------            ----         -------    ----  ------
"A0":                                        0xf4
  .intvec                     0x2007'0000    0xf4  <Block>
    .intvec          const    0x2007'0000    0xf4  startup_sam3x.o [1]
                            - 0x2007'00f4    0xf4

"P1-P2", part 1 of 3:                      0x473c
  .text              ro code  0x2007'00f4   0xe8e  xprintffull_nomb.o [2]
  .text              ro code  0x2007'0f82    0x2a  copy_init3.o [4]
  .text              ro code  0x2007'0fac    0x16  strchr.o [4]
  .text              ro code  0x2007'0fc2     0xa  xsprout.o [2]
  .text              ro code  0x2007'0fcc    0x40  xfail_s.o [2]
  .text              ro code  0x2007'100c    0x36  strlen.o [4]
  .text              ro code  0x2007'1042     0x2  exceptions.o [1]
  .text              ro code  0x2007'1044    0x58  memchr.o [4]
  .text              ro code  0x2007'109c    0xa6  ABImemcpy.o [4]
  .text              ro code  0x2007'1144    0x70  frexp.o [3]
  .text              ro code  0x2007'11b4    0x34  DblCmpLe.o [3]
  .text              ro code  0x2007'11e8    0x34  DblCmpGe.o [3]
  .text              ro code  0x2007'121c   0x13a  ldexp.o [3]
  .text              ro code  0x2007'1358    0x36  DblToS32.o [3]
  .text              ro code  0x2007'1390    0x22  S32ToDbl.o [3]
  .text              ro code  0x2007'13b4   0x25e  DblAddSub.o [3]
  .text              ro code  0x2007'1614   0x246  DblDiv.o [3]
  .text              ro code  0x2007'185c    0x22  DblToU32.o [3]
  .text              ro code  0x2007'1880    0x1c  U32ToDbl.o [3]
  .text              ro code  0x2007'189c   0x1aa  DblMul.o [3]
  .text              ro code  0x2007'1a48   0x230  I64DivMod.o [4]
  .text              ro code  0x2007'1c78     0x6  abort.o [2]
  .text              ro code  0x2007'1c80     0x2  I64DivZer.o [4]
  .text              ro code  0x2007'1c84    0x14  exit.o [5]
  .text              ro code  0x2007'1c98    0x7c  iarttio.o [5]
  .text              ro code  0x2007'1d14     0x8  XShttio.o [2]
  .text              ro code  0x2007'1d1c   0xe0c  Display.o [1]
  .text              ro code  0x2007'2b28    0x40  sprintf.o [2]
  .text              ro code  0x2007'2b68   0x234  Calender.o [1]
  .text              ro code  0x2007'2d9c   0x70c  main.o [1]
  .text              ro code  0x2007'34a8    0xa0  system_sam3x.o [1]
  .text              ro code  0x2007'3548   0x1ac  Alarm.o [1]
  .text              ro code  0x2007'36f4   0x1b4  Temperature.o [1]
  .text              ro code  0x2007'38a8   0x380  ADC.o [1]
  .text              ro code  0x2007'3c28    0x7c  Pulse Width Modulation.o [1]
  .text              ro code  0x2007'3ca4   0x184  LinkList.o [1]
  .text              ro code  0x2007'3e28     0x4  heaptramp0.o [2]
  .text              ro code  0x2007'3e2c   0x2d0  Keypad.o [1]
  .text              ro code  0x2007'40fc   0x158  heap0.o [2]
  .text              ro code  0x2007'4254    0x28  printf.o [2]
  .text              ro code  0x2007'427c    0x2c  xgetmemchunk.o [2]
  .text              ro code  0x2007'42a8    0x12  xxmemxmemzero.o [2]
  .text              ro code  0x2007'42ba    0x38  zero_init3.o [4]
  .text              ro code  0x2007'42f4    0x30  startup_sam3x.o [1]
  .text              ro code  0x2007'4324     0xc  cstartup.o [1]
  .text              ro code  0x2007'4330    0x1e  cmain.o [4]
  .text              ro code  0x2007'4350    0x28  data_init.o [4]
  .text              ro code  0x2007'4378     0x4  exit.o [2]
  .text              ro code  0x2007'437c     0xa  cexit.o [4]
  .rodata            const    0x2007'4388    0x2c  Alarm.o [1]
  .rodata            const    0x2007'43b4    0x2c  main.o [1]
  .rodata            const    0x2007'43e0    0x28  Alarm.o [1]
  .rodata            const    0x2007'4408    0x24  Alarm.o [1]
  .rodata            const    0x2007'442c    0x24  Alarm.o [1]
  .rodata            const    0x2007'4450    0x24  main.o [1]
  .text              ro code  0x2007'4474    0x22  iarwrite.o [5]
  .iar.init_table    const    0x2007'4498    0x24  - Linker created -
  .text              ro code  0x2007'44bc    0x20  putchar.o [2]
  .text              ro code  0x2007'44dc    0x10  write.o [5]
  .text              ro code  0x2007'44ec    0x1e  dwrite.o [5]
  .text              ro code  0x2007'450a    0x20  iarwstd.o [5]
  .rodata            const    0x2007'452c    0x1c  LinkList.o [1]
  .rodata            const    0x2007'4548    0x18  LinkList.o [1]
  .rodata            const    0x2007'4560    0x18  LinkList.o [1]
  .rodata            const    0x2007'4578    0x18  main.o [1]
  .text              ro code  0x2007'4590    0x16  xprout.o [2]
  .rodata            const    0x2007'45a8    0x14  Alarm.o [1]
  .rodata            const    0x2007'45bc    0x14  Alarm.o [1]
  .rodata            const    0x2007'45d0    0x14  Display.o [1]
  .rodata            const    0x2007'45e4    0x14  Display.o [1]
  .rodata            const    0x2007'45f8    0x14  Display.o [1]
  .rodata            const    0x2007'460c    0x14  Keypad.o [1]
  .rodata            const    0x2007'4620    0x14  Keypad.o [1]
  .rodata            const    0x2007'4634    0x14  LinkList.o [1]
  .rodata            const    0x2007'4648    0x14  main.o [1]
  .rodata            const    0x2007'465c    0x14  main.o [1]
  .rodata            const    0x2007'4670    0x10  Display.o [1]
  .rodata            const    0x2007'4680    0x10  Display.o [1]
  .rodata            const    0x2007'4690    0x10  Display.o [1]
  .rodata            const    0x2007'46a0    0x10  Display.o [1]
  .rodata            const    0x2007'46b0    0x10  Display.o [1]
  .rodata            const    0x2007'46c0    0x10  Keypad.o [1]
  .rodata            const    0x2007'46d0    0x10  main.o [1]
  .rodata            const    0x2007'46e0    0x10  main.o [1]
  .rodata            const    0x2007'46f0    0x10  main.o [1]
  .rodata            const    0x2007'4700    0x10  main.o [1]
  .rodata            const    0x2007'4710    0x10  main.o [1]
  .rodata            const    0x2007'4720    0x10  main.o [1]
  .rodata            const    0x2007'4730    0x10  main.o [1]
  .rodata            const    0x2007'4740    0x10  main.o [1]
  .rodata            const    0x2007'4750    0x10  main.o [1]
  .rodata            const    0x2007'4760     0xc  ADC.o [1]
  .rodata            const    0x2007'476c     0xc  Display.o [1]
  .rodata            const    0x2007'4778     0xc  main.o [1]
  .rodata            const    0x2007'4784     0x8  ADC.o [1]
  .rodata            const    0x2007'478c     0x8  ADC.o [1]
  .rodata            const    0x2007'4794     0x8  Alarm.o [1]
  .rodata            const    0x2007'479c     0x8  Display.o [1]
  .rodata            const    0x2007'47a4     0x8  Display.o [1]
  .rodata            const    0x2007'47ac     0x8  Display.o [1]
  .rodata            const    0x2007'47b4     0x8  Display.o [1]
  .rodata            const    0x2007'47bc     0x8  Display.o [1]
  .rodata            const    0x2007'47c4     0x8  Display.o [1]
  .rodata            const    0x2007'47cc     0x8  Display.o [1]
  .rodata            const    0x2007'47d4     0x8  Display.o [1]
  .rodata            const    0x2007'47dc     0x8  Display.o [1]
  .rodata            const    0x2007'47e4     0x8  Display.o [1]
  .rodata            const    0x2007'47ec     0x8  main.o [1]
  .rodata            const    0x2007'47f4     0x8  main.o [1]
  .rodata            const    0x2007'47fc     0x0  zero_init3.o [4]
  .rodata            const    0x2007'47fc     0x0  copy_init3.o [4]
  P1-P2 s0                    0x2007'4800    0x1c  <Init block>
    .data            inited   0x2007'4800     0x8  main.o [1]
    .data            inited   0x2007'4808     0x8  XShttio.o [2]
    .data            inited   0x2007'4810     0x4  main.o [1]
    .data            inited   0x2007'4814     0x4  system_sam3x.o [1]
  Initializer bytes  const    0x2007'4818    0x18  <for P1-P2 s0>
                            - 0x2007'4830  0x473c

"P1-P2", part 2 of 3:                        0xc4
  .bss               zero     0x2007'4830    0x38  Temperature.o [1]
  .bss               zero     0x2007'4868    0x10  Alarm.o [1]
  .bss               zero     0x2007'4878    0x10  main.o [1]
  .bss               zero     0x2007'4888     0x8  main.o [1]
  .bss               zero     0x2007'4890     0x8  main.o [1]
  .bss               zero     0x2007'4898     0x8  main.o [1]
  .bss               zero     0x2007'48a0     0x8  Temperature.o [1]
  .bss               zero     0x2007'48a8     0x8  heap0.o [2]
  .bss               zero     0x2007'48b0     0x4  ADC.o [1]
  .bss               zero     0x2007'48b4     0x4  main.o [1]
  .bss               zero     0x2007'48b8     0x4  main.o [1]
  .bss               zero     0x2007'48bc     0x4  main.o [1]
  .bss               zero     0x2007'48c0     0x4  main.o [1]
  .bss               zero     0x2007'48c4     0x4  main.o [1]
  .bss               zero     0x2007'48c8     0x4  main.o [1]
  .bss               zero     0x2007'48cc     0x4  main.o [1]
  .bss               zero     0x2007'48d0     0x4  xfail_s.o [2]
  .bss               zero     0x2007'48d4     0x4  xgetmemchunk.o [2]
  .bss               zero     0x2007'48d8     0x1  ADC.o [1]
  .bss               zero     0x2007'48d9     0x1  ADC.o [1]
  .bss               zero     0x2007'48da     0x1  ADC.o [1]
  .bss               zero     0x2007'48db     0x1  ADC.o [1]
  .bss               zero     0x2007'48dc     0x1  ADC.o [1]
  .bss               zero     0x2007'48dd     0x1  ADC.o [1]
  .bss               zero     0x2007'48de     0x1  ADC.o [1]
  .bss               zero     0x2007'48df     0x1  Alarm.o [1]
  .bss               zero     0x2007'48e0     0x1  Alarm.o [1]
  .bss               zero     0x2007'48e1     0x1  Calender.o [1]
  .bss               zero     0x2007'48e2     0x1  Calender.o [1]
  .bss               zero     0x2007'48e3     0x1  Calender.o [1]
  .bss               zero     0x2007'48e4     0x1  Display.o [1]
  .bss               zero     0x2007'48e5     0x1  Display.o [1]
  .bss               zero     0x2007'48e6     0x1  Keypad.o [1]
  .bss               zero     0x2007'48e7     0x1  Keypad.o [1]
  .bss               zero     0x2007'48e8     0x1  Keypad.o [1]
  .bss               zero     0x2007'48e9     0x1  main.o [1]
  .bss               zero     0x2007'48ea     0x1  main.o [1]
  .bss               zero     0x2007'48eb     0x1  main.o [1]
  .bss               zero     0x2007'48ec     0x1  main.o [1]
  .bss               zero     0x2007'48ed     0x1  main.o [1]
  .bss               zero     0x2007'48ee     0x1  main.o [1]
  .bss               zero     0x2007'48ef     0x1  main.o [1]
  .bss               zero     0x2007'48f0     0x1  Temperature.o [1]
                            - 0x2007'48f1    0xc1

"P1-P2", part 3 of 3:                      0x3000
  CSTACK                      0x2007'48f8  0x1000  <Block>
    CSTACK           uninit   0x2007'48f8  0x1000  <Block tail>
  HEAP                        0x2007'58f8  0x2000  <Block>
    HEAP             uninit   0x2007'58f8  0x2000  <Block tail>
                            - 0x2007'78f8  0x3000

Unused ranges:

         From           To      Size
         ----           --      ----
  0x2007'48f4  0x2007'48f7       0x4
  0x2007'78f8  0x2008'7fff  0x1'0708


*******************************************************************************
*** INIT TABLE
***

          Address      Size
          -------      ----
Zero (__iar_zero_init3)
    1 destination range, total size 0xc1:
          0x2007'4830  0xc1

Copy (__iar_copy_init3)
    1 source range, total size 0x18:
          0x2007'4818  0x18
    1 destination range, total size 0x18:
          0x2007'4800  0x18



*******************************************************************************
*** MODULE SUMMARY
***

    Module                    ro code  ro data  rw data
    ------                    -------  -------  -------
command line/config:
    ---------------------------------------------------
    Total:

C:\Users\Wookie\Desktop\Project\Debug\Obj: [1]
    ADC.o                         896       28       11
    Alarm.o                       428      204       18
    Calender.o                    564                 3
    Display.o                   3'596      232        2
    Keypad.o                      720       56        3
    LinkList.o                    388       96
    Pulse Width Modulation.o      124
    Temperature.o                 436                65
    cstartup.o                     12
    exceptions.o                    2
    main.o                      1'804      328       87
    startup_sam3x.o                48      244
    system_sam3x.o                160        4        4
    ---------------------------------------------------
    Total:                      9'178    1'192      193

dl7M_tln.a: [2]
    XShttio.o                       8        8        8
    abort.o                         6
    exit.o                          4
    heap0.o                       344                 8
    heaptramp0.o                    4
    printf.o                       40
    putchar.o                      32
    sprintf.o                      64
    xfail_s.o                      64                 4
    xgetmemchunk.o                 44                 4
    xprintffull_nomb.o          3'726
    xprout.o                       22
    xsprout.o                      10
    xxmemxmemzero.o                18
    ---------------------------------------------------
    Total:                      4'386        8       24

m7M_tl.a: [3]
    DblAddSub.o                   606
    DblCmpGe.o                     52
    DblCmpLe.o                     52
    DblDiv.o                      582
    DblMul.o                      426
    DblToS32.o                     54
    DblToU32.o                     34
    S32ToDbl.o                     34
    U32ToDbl.o                     28
    frexp.o                       112
    ldexp.o                       314
    ---------------------------------------------------
    Total:                      2'294

rt7M_tl.a: [4]
    ABImemcpy.o                   166
    I64DivMod.o                   560
    I64DivZer.o                     2
    cexit.o                        10
    cmain.o                        30
    copy_init3.o                   42
    data_init.o                    40
    memchr.o                       88
    strchr.o                       22
    strlen.o                       54
    zero_init3.o                   56
    ---------------------------------------------------
    Total:                      1'070

shb_l.a: [5]
    dwrite.o                       30
    exit.o                         20
    iarttio.o                     124
    iarwrite.o                     34
    iarwstd.o                      32
    write.o                        16
    ---------------------------------------------------
    Total:                        256

    Gaps                           24        8
    Linker created                          36   12'288
-------------------------------------------------------
    Grand Total:               17'208    1'244   12'505


*******************************************************************************
*** ENTRY LIST
***

Entry                       Address   Size  Type      Object
-----                       -------   ----  ----      ------
.iar.init_table$$Base   0x2007'4498          --   Gb  - Linker created -
.iar.init_table$$Limit  0x2007'44bc          --   Gb  - Linker created -
.intvec$$Base           0x2007'0000          --   Gb  - Linker created -
.intvec$$Limit          0x2007'00f4          --   Gb  - Linker created -
?main                   0x2007'4331         Code  Gb  cmain.o [4]
ADC_Handler             0x2007'39d7   0x2e  Code  Gb  ADC.o [1]
ADC_Setup               0x2007'398d   0x38  Code  Gb  ADC.o [1]
Aldata                  0x2007'48a8    0x8  Data  Lc  heap0.o [2]
BusFault_Handler        0x2007'1043    0x2  Code  Wk  exceptions.o [1]
CAN0_Handler            0x2007'1043    0x2  Code  Wk  exceptions.o [1]
CAN1_Handler            0x2007'1043    0x2  Code  Wk  exceptions.o [1]
CSTACK$$Base            0x2007'48f8          --   Gb  - Linker created -
CSTACK$$Limit           0x2007'58f8          --   Gb  - Linker created -
Clear_Display           0x2007'292b   0x46  Code  Gb  Display.o [1]
DACC_Handler            0x2007'1043    0x2  Code  Wk  exceptions.o [1]
DMAC_Handler            0x2007'1043    0x2  Code  Wk  exceptions.o [1]
Dark                    0x2007'48da    0x1  Data  Gb  ADC.o [1]
DebugMon_Handler        0x2007'1043    0x2  Code  Wk  exceptions.o [1]
Delay                   0x2007'2b69    0xe  Code  Gb  Calender.o [1]
Dummy_Handler           0x2007'1043    0x2  Code  Gb  exceptions.o [1]
EFC0_Handler            0x2007'1043    0x2  Code  Wk  exceptions.o [1]
EFC1_Handler            0x2007'1043    0x2  Code  Wk  exceptions.o [1]
Fast                    0x2007'48eb    0x1  Data  Gb  main.o [1]
HEAP$$Base              0x2007'58f8          --   Gb  - Linker created -
HEAP$$Limit             0x2007'78f8          --   Gb  - Linker created -
HSMCI_Handler           0x2007'1043    0x2  Code  Wk  exceptions.o [1]
HardFault_Handler       0x2007'1043    0x2  Code  Wk  exceptions.o [1]
Init_Display            0x2007'29ed   0x6e  Code  Gb  Display.o [1]
Init_Temp               0x2007'3741   0x62  Code  Gb  Temperature.o [1]
KeyDone                 0x2007'48e6    0x1  Data  Gb  Keypad.o [1]
LS1Flag                 0x2007'48d8    0x1  Data  Gb  ADC.o [1]
LS2Flag                 0x2007'48d9    0x1  Data  Gb  ADC.o [1]
Lamp                    0x2007'48ea    0x1  Data  Gb  main.o [1]
LedON                   0x2007'48df    0x1  Data  Gb  Alarm.o [1]
Light_Measure           0x2007'39c5   0x12  Code  Gb  ADC.o [1]
Max                     0x2007'48c8    0x4  Data  Gb  main.o [1]
MemManage_Handler       0x2007'1043    0x2  Code  Wk  exceptions.o [1]
Min                     0x2007'48cc    0x4  Data  Gb  main.o [1]
Move_PWM                0x2007'3c59   0x22  Code  Gb  Pulse Width Modulation.o [1]
NMI_Handler             0x2007'1043    0x2  Code  Wk  exceptions.o [1]
NVIC_ClearPendingIRQ    0x2007'38bf   0x16  Code  Lc  ADC.o [1]
NVIC_ClearPendingIRQ    0x2007'3709   0x14  Code  Lc  Temperature.o [1]
NVIC_EnableIRQ          0x2007'38a9   0x16  Code  Lc  ADC.o [1]
NVIC_EnableIRQ          0x2007'36f5   0x14  Code  Lc  Temperature.o [1]
NVIC_SetPriority        0x2007'38d5   0x28  Code  Lc  ADC.o [1]
NVIC_SetPriority        0x2007'2d9d   0x28  Code  Lc  main.o [1]
NVIC_SetPriority        0x2007'371d   0x24  Code  Lc  Temperature.o [1]
NextDay                 0x2007'48ec    0x1  Data  Gb  main.o [1]
OnDay                   0x2007'48de    0x1  Data  Gb  ADC.o [1]
PAlarm                  0x2007'2609   0x68  Code  Gb  Display.o [1]
PIOA_Handler            0x2007'1043    0x2  Code  Wk  exceptions.o [1]
PIOB_Handler            0x2007'1043    0x2  Code  Wk  exceptions.o [1]
PIOC_Handler            0x2007'1043    0x2  Code  Wk  exceptions.o [1]
PIOD_Handler            0x2007'1043    0x2  Code  Wk  exceptions.o [1]
PMC_Handler             0x2007'1043    0x2  Code  Wk  exceptions.o [1]
PMem                    0x2007'21d5  0x42c  Code  Gb  Display.o [1]
PMemFull                0x2007'1dd5  0x3f4  Code  Gb  Display.o [1]
PWM_Handler             0x2007'1043    0x2  Code  Wk  exceptions.o [1]
PWM_Setup               0x2007'3c29   0x30  Code  Gb  Pulse Width Modulation.o [1]
Pdate                   0x2007'2671   0xbc  Code  Gb  Display.o [1]
PendSV_Handler          0x2007'1043    0x2  Code  Wk  exceptions.o [1]
Pin_Display             0x2007'2a69   0x56  Code  Gb  Display.o [1]
PrintFromData           0x2007'1d85   0x12  Code  Gb  Display.o [1]
PrintM                  0x2007'48e4    0x1  Data  Gb  Display.o [1]
PrintMOFF               0x2007'1d67    0xa  Code  Gb  Display.o [1]
PrintMON                0x2007'1d5d    0xa  Code  Gb  Display.o [1]
PrintOFF                0x2007'1d7b    0xa  Code  Gb  Display.o [1]
PrintON                 0x2007'1d71    0xa  Code  Gb  Display.o [1]
PrintSunTime            0x2007'1d1d   0x40  Code  Gb  Display.o [1]
PrintT                  0x2007'48e5    0x1  Data  Gb  Display.o [1]
PrintToScreen           0x2007'1d97   0x18  Code  Gb  Display.o [1]
RSTC_Handler            0x2007'1043    0x2  Code  Wk  exceptions.o [1]
RTC_Handler             0x2007'1043    0x2  Code  Wk  exceptions.o [1]
RTT_Handler             0x2007'1043    0x2  Code  Wk  exceptions.o [1]
ReadLight               0x2007'48ed    0x1  Data  Gb  main.o [1]
Read_Light              0x2007'3a05  0x136  Code  Gb  ADC.o [1]
Read_Status_Display     0x2007'2971   0x5a  Code  Gb  Display.o [1]
Region$$Table$$Base     0x2007'4498          --   Gb  - Linker created -
Region$$Table$$Limit    0x2007'44bc          --   Gb  - Linker created -
Reset_Handler           0x2007'431d    0x8  Code  Gb  startup_sam3x.o [1]
SPI0_Handler            0x2007'1043    0x2  Code  Wk  exceptions.o [1]
SSC_Handler             0x2007'1043    0x2  Code  Wk  exceptions.o [1]
SUPC_Handler            0x2007'1043    0x2  Code  Wk  exceptions.o [1]
SVC_Handler             0x2007'1043    0x2  Code  Wk  exceptions.o [1]
Sensor                  0x2007'48e9    0x1  Data  Gb  main.o [1]
Set_Led                 0x2007'3661   0x1c  Code  Gb  Alarm.o [1]
Shyne                   0x2007'48e0    0x1  Data  Gb  Alarm.o [1]
ShyneTime               0x2007'48dc    0x1  Data  Gb  ADC.o [1]
Sun                     0x2007'48db    0x1  Data  Gb  ADC.o [1]
SunTime                 0x2007'48dd    0x1  Data  Gb  ADC.o [1]
Suntime                 0x2007'38fd   0x90  Code  Gb  ADC.o [1]
SysTick_Config          0x2007'2dc5   0x36  Code  Lc  main.o [1]
SysTick_Handler         0x2007'33db    0xa  Code  Gb  main.o [1]
SystemCoreClock         0x2007'4814    0x4  Data  Gb  system_sam3x.o [1]
SystemInit              0x2007'34a9   0x6e  Code  Gb  system_sam3x.o [1]
TC0_Handler             0x2007'383f    0xe  Code  Gb  Temperature.o [1]
TC1_Handler             0x2007'1043    0x2  Code  Wk  exceptions.o [1]
TC2_Handler             0x2007'1043    0x2  Code  Wk  exceptions.o [1]
TC3_Handler             0x2007'1043    0x2  Code  Wk  exceptions.o [1]
TC4_Handler             0x2007'1043    0x2  Code  Wk  exceptions.o [1]
TC5_Handler             0x2007'1043    0x2  Code  Wk  exceptions.o [1]
TRNG_Handler            0x2007'1043    0x2  Code  Wk  exceptions.o [1]
TWI0_Handler            0x2007'1043    0x2  Code  Wk  exceptions.o [1]
TWI1_Handler            0x2007'1043    0x2  Code  Wk  exceptions.o [1]
Temp_Measure            0x2007'37a3   0x42  Code  Gb  Temperature.o [1]
UART_Handler            0x2007'1043    0x2  Code  Wk  exceptions.o [1]
UOTGHS_Handler          0x2007'1043    0x2  Code  Wk  exceptions.o [1]
USART0_Handler          0x2007'1043    0x2  Code  Wk  exceptions.o [1]
USART1_Handler          0x2007'1043    0x2  Code  Wk  exceptions.o [1]
USART2_Handler          0x2007'1043    0x2  Code  Wk  exceptions.o [1]
Update_Temp             0x2007'37e5   0x5a  Code  Gb  Temperature.o [1]
UsageFault_Handler      0x2007'1043    0x2  Code  Wk  exceptions.o [1]
WDT_Handler             0x2007'1043    0x2  Code  Wk  exceptions.o [1]
Write_Command_2_Display
                        0x2007'27c5   0x66  Code  Gb  Display.o [1]
Write_Data_2_Display    0x2007'282b   0x66  Code  Gb  Display.o [1]
Write_Grade_Out         0x2007'3b3b   0x58  Code  Gb  ADC.o [1]
Write_Key_Display       0x2007'28a5   0x86  Code  Gb  Display.o [1]
Write_Temp              0x2007'2731   0x1c  Code  Gb  Display.o [1]
_LC                     0x2007'00f5    0x6  Code  Lc  xprintffull_nomb.o [2]
_LitobFullNoMb          0x2007'0d85  0x114  Code  Lc  xprintffull_nomb.o [2]
_PrintfFullNoMb         0x2007'00fb  0xc76  Code  Gb  xprintffull_nomb.o [2]
_Prout                  0x2007'4591   0x16  Code  Gb  xprout.o [2]
_PutcharsFullNoMb       0x2007'0ef1   0x2e  Code  Lc  xprintffull_nomb.o [2]
_SProut                 0x2007'0fc3    0xa  Code  Gb  xsprout.o [2]
__aeabi_cdcmple         0x2007'11b5         Code  Gb  DblCmpLe.o [3]
__aeabi_cdrcmple        0x2007'11e9         Code  Gb  DblCmpGe.o [3]
__aeabi_d2iz            0x2007'1359         Code  Gb  DblToS32.o [3]
__aeabi_d2uiz           0x2007'185d         Code  Gb  DblToU32.o [3]
__aeabi_dadd            0x2007'13b5         Code  Gb  DblAddSub.o [3]
__aeabi_ddiv            0x2007'1615         Code  Gb  DblDiv.o [3]
__aeabi_dmul            0x2007'189d         Code  Gb  DblMul.o [3]
__aeabi_dsub            0x2007'1531         Code  Gb  DblAddSub.o [3]
__aeabi_i2d             0x2007'1391         Code  Gb  S32ToDbl.o [3]
__aeabi_ldiv0           0x2007'1c81         Code  Gb  I64DivZer.o [4]
__aeabi_memcpy          0x2007'109d         Code  Gb  ABImemcpy.o [4]
__aeabi_memcpy4         0x2007'10bd         Code  Gb  ABImemcpy.o [4]
__aeabi_memcpy8         0x2007'10bd         Code  Gb  ABImemcpy.o [4]
__aeabi_ui2d            0x2007'1881         Code  Gb  U32ToDbl.o [3]
__aeabi_uldivmod        0x2007'1a49         Code  Gb  I64DivMod.o [4]
__basic_calloc          0x2007'421b   0x36  Code  Gb  heap0.o [2]
__basic_free            0x2007'4191   0x16  Code  Gb  heap0.o [2]
__basic_free_intern     0x2007'41a7   0x74  Code  Lc  heap0.o [2]
__basic_malloc_intern   0x2007'40fd   0x94  Code  Lc  heap0.o [2]
__cmain                 0x2007'4331         Code  Gb  cmain.o [4]
__data_GetMemChunk      0x2007'427d   0x2c  Code  Gb  xgetmemchunk.o [2]
__data_GetMemChunk::start
                        0x2007'48d4    0x4  Data  Lc  xgetmemchunk.o [2]
__data_memzero          0x2007'42a9   0x12  Code  Gb  xxmemxmemzero.o [2]
__dwrite                0x2007'44ed   0x1e  Code  Gb  dwrite.o [5]
__exit                  0x2007'1c85   0x14  Code  Gb  exit.o [5]
__iar_Fail_s            0x2007'0fcd   0x1c  Code  Gb  xfail_s.o [2]
__iar_Memchr            0x2007'1045         Code  Gb  memchr.o [4]
__iar_Strchr            0x2007'0fad         Code  Gb  strchr.o [4]
__iar_close_ttio        0x2007'1c99   0x2c  Code  Gb  iarttio.o [5]
__iar_copy_init3        0x2007'0f83   0x2a  Code  Gb  copy_init3.o [4]
__iar_data_init3        0x2007'4351   0x28  Code  Gb  data_init.o [4]
__iar_frexp             0x2007'1151         Code  Gb  frexp.o [3]
__iar_frexp64           0x2007'1145         Code  Gb  frexp.o [3]
__iar_frexpl            0x2007'1151         Code  Gb  frexp.o [3]
__iar_get_ttio          0x2007'1cc5   0x4c  Code  Gb  iarttio.o [5]
__iar_ldexp64           0x2007'121d         Code  Gb  ldexp.o [3]
__iar_lookup_ttioh      0x2007'1d15    0x8  Code  Gb  XShttio.o [2]
__iar_program_start     0x2007'4325         Code  Gb  cstartup.o [1]
__iar_scalbln64         0x2007'121d         Code  Gb  ldexp.o [3]
__iar_scalbn64          0x2007'121d         Code  Gb  ldexp.o [3]
__iar_sh_stdout         0x2007'450b   0x20  Code  Gb  iarwstd.o [5]
__iar_sh_write          0x2007'4475   0x22  Code  Gb  iarwrite.o [5]
__iar_ttio_handles      0x2007'4808    0x8  Data  Lc  XShttio.o [2]
__iar_zero_init3        0x2007'42bb   0x38  Code  Gb  zero_init3.o [4]
__low_level_init        0x2007'42f5   0x20  Code  Gb  startup_sam3x.o [1]
__vector_table          0x2007'0000   0xf4  Data  Gb  startup_sam3x.o [1]
__write                 0x2007'44dd   0x10  Code  Gb  write.o [5]
_call_main              0x2007'433d         Code  Gb  cmain.o [4]
_exit                   0x2007'437d         Code  Gb  cexit.o [4]
abort                   0x2007'1c79    0x6  Code  Gb  abort.o [2]
alarm                   0x2007'4868   0x10  Data  Gb  Alarm.o [1]
alarmStatus             0x2007'48e8    0x1  Data  Gb  Keypad.o [1]
append                  0x2007'3d59   0x70  Code  Gb  LinkList.o [1]
avg                     0x2007'4890    0x8  Data  Gb  main.o [1]
checkAlarm              0x2007'3549   0x52  Code  Gb  Alarm.o [1]
config                  0x2007'2dfb   0x36  Code  Gb  main.o [1]
creatLinked             0x2007'3cd7   0x62  Code  Gb  LinkList.o [1]
creatTemperature        0x2007'3ca5   0x32  Code  Gb  LinkList.o [1]
create                  0x2007'3d39   0x20  Code  Gb  LinkList.o [1]
dd                      0x2007'48e3    0x1  Data  Gb  Calender.o [1]
degree                  0x2007'48b0    0x4  Data  Gb  ADC.o [1]
deleteNode              0x2007'3dc9   0x4e  Code  Gb  LinkList.o [1]
exit                    0x2007'4379    0x4  Code  Gb  exit.o [2]
free                    0x2007'3e29    0x4  Code  Gb  heaptramp0.o [2]
frexp                   0x2007'1145         Code  Gb  frexp.o [3]
frexpl                  0x2007'1145         Code  Gb  frexp.o [3]
fullsize                0x2007'48ef    0x1  Data  Gb  main.o [1]
hh                      0x2007'48e2    0x1  Data  Gb  Calender.o [1]
input                   0x2007'3e2d   0x9e  Code  Gb  Keypad.o [1]
inputArray              0x2007'3edf   0x8e  Code  Gb  Keypad.o [1]
isPress                 0x2007'48e7    0x1  Data  Gb  Keypad.o [1]
isUpdated               0x2007'3ecb   0x14  Code  Gb  Keypad.o [1]
ldexp                   0x2007'121d         Code  Gb  ldexp.o [3]
ldexpl                  0x2007'121d         Code  Gb  ldexp.o [3]
ledOff                  0x2007'3691   0x14  Code  Gb  Alarm.o [1]
ledOn                   0x2007'367d   0x14  Code  Gb  Alarm.o [1]
list                    0x2007'4830   0x38  Data  Gb  Temperature.o [1]
main                    0x2007'2e31  0x474  Code  Gb  main.o [1]
max                     0x2007'4898    0x8  Data  Gb  main.o [1]
memchr                  0x2007'1045         Code  Gb  memchr.o [4]
min                     0x2007'4800    0x8  Data  Gb  main.o [1]
mm                      0x2007'48e1    0x1  Data  Gb  Calender.o [1]
myWeek                  0x2007'48c4    0x4  Data  Gb  main.o [1]
peek                    0x2007'48c0    0x4  Data  Gb  main.o [1]
printf                  0x2007'4255   0x28  Code  Gb  printf.o [2]
putchar                 0x2007'44bd   0x20  Code  Gb  putchar.o [2]
resetAlarm              0x2007'3641   0x20  Code  Gb  Alarm.o [1]
scalbln                 0x2007'121d         Code  Gb  ldexp.o [3]
scalblnl                0x2007'121d         Code  Gb  ldexp.o [3]
scalbn                  0x2007'121d         Code  Gb  ldexp.o [3]
scalbnl                 0x2007'121d         Code  Gb  ldexp.o [3]
scale                   0x2007'0e99   0x46  Code  Lc  xprintffull_nomb.o [2]
sec_hand                0x2007'48d0    0x4  Data  Lc  xfail_s.o [2]
setAlarm                0x2007'359b   0x6e  Code  Gb  Alarm.o [1]
setDate                 0x2007'3f6d  0x142  Code  Gb  Keypad.o [1]
setFlag                 0x2007'48f0    0x1  Data  Gb  Temperature.o [1]
setPosition             0x2007'2751   0x24  Code  Gb  Display.o [1]
setPosition3            0x2007'2775   0x28  Code  Gb  Display.o [1]
setPosition4            0x2007'279d   0x28  Code  Gb  Display.o [1]
sprintf                 0x2007'2b29   0x40  Code  Gb  sprintf.o [2]
startMenu               0x2007'32a5  0x136  Code  Gb  main.o [1]
statusAlarm             0x2007'3609   0x38  Code  Gb  Alarm.o [1]
strchr                  0x2007'0fad         Code  Gb  strchr.o [4]
strlen                  0x2007'100d         Code  Gb  strlen.o [4]
sum                     0x2007'4888    0x8  Data  Gb  main.o [1]
temp                    0x2007'48a0    0x8  Data  Gb  Temperature.o [1]
temp3                   0x2007'4878   0x10  Data  Gb  main.o [1]
temperature             0x2007'48b4    0x4  Data  Gb  main.o [1]
ticks                   0x2007'48b8    0x4  Data  Gb  main.o [1]
times                   0x2007'48bc    0x4  Data  Gb  main.o [1]
updateTime              0x2007'2b77  0x1f2  Code  Gb  Calender.o [1]
week                    0x2007'4810    0x4  Data  Gb  main.o [1]
well                    0x2007'48ee    0x1  Data  Gb  main.o [1]
writeValueDisplay       0x2007'1daf   0x18  Code  Gb  Display.o [1]


[1] = C:\Users\Wookie\Desktop\Project\Debug\Obj
[2] = dl7M_tln.a
[3] = m7M_tl.a
[4] = rt7M_tl.a
[5] = shb_l.a

  17'208 bytes of readonly  code memory
   1'244 bytes of readonly  data memory
  12'505 bytes of readwrite data memory

Errors: none
Warnings: none
